[2026-06-11T16:33:29.777Z] GET https://blockrun.ai/models → 200 (274ms, 7755B)
[2026-06-11T16:33:30.060Z] GET https://blockrun.ai/_next/static/media/791bf8c4bb753ed6-s.p.fb4c44d9.woff2 → 200 (61ms, 67782B)
[2026-06-11T16:33:30.060Z] GET https://blockrun.ai/_next/static/media/83afe278b6a6bb3c-s.p.3a6ba036.woff2 → 200 (73ms, 48826B)
[2026-06-11T16:33:30.062Z] GET https://blockrun.ai/_next/static/media/8d05cfa5faa8406c-s.p.4adea45d.woff2 → 200 (40ms, 9933B)
[2026-06-11T16:33:30.062Z] GET https://blockrun.ai/_next/static/media/caa3a2e1cccd8315-s.p.3b6cae6d.woff2 → 200 (100ms, 29752B)
[2026-06-11T16:33:30.062Z] GET https://blockrun.ai/_next/static/media/dc0d9adbac686440-s.p.3b382e45.woff2 → 200 (99ms, 9827B)
[2026-06-11T16:33:30.062Z] GET https://blockrun.ai/_next/static/chunks/a0ef23d1f144f3e6.css → 200 (39ms, 1874B)
[2026-06-11T16:33:30.062Z] GET https://blockrun.ai/_next/static/chunks/dc02f040bd0017ca.css → 200 (61ms, 20370B)
[2026-06-11T16:33:30.062Z] GET https://blockrun.ai/_next/static/chunks/39908e230a908b75.js → 200 (100ms, 1449B)
[2026-06-11T16:33:30.062Z] GET https://blockrun.ai/_next/static/chunks/06d0f27bff9be5bf.js → 200 (101ms, 8978B)
[2026-06-11T16:33:30.062Z] GET https://blockrun.ai/_next/static/chunks/885590e900aa409e.js → 200 (101ms, 31071B)
[2026-06-11T16:33:30.062Z] GET https://blockrun.ai/_next/static/chunks/ee7ed08ae0b6f960.js → 200 (101ms, 70336B)
[2026-06-11T16:33:30.062Z] GET https://blockrun.ai/_next/static/chunks/1f4807b9cac62690.js → 200 (106ms, 7597B)
[2026-06-11T16:33:30.062Z] GET https://blockrun.ai/_next/static/chunks/turbopack-b897cdb993374c67.js → 200 (107ms, 4357B)
[2026-06-11T16:33:30.062Z] GET https://blockrun.ai/_next/static/chunks/75c3dd791da160ed.js → 200 (106ms, 4869B)
[2026-06-11T16:33:30.062Z] GET https://blockrun.ai/_next/static/chunks/6f994a9d0e4214e8.js → 200 (107ms, 9722B)
[2026-06-11T16:33:30.063Z] GET https://blockrun.ai/_next/static/chunks/dff882e67259f028.js → 200 (106ms, 14688B)
[2026-06-11T16:33:30.063Z] GET https://blockrun.ai/_next/static/chunks/57139ba9cdc3cf95.js → 200 (106ms, 17545B)
[2026-06-11T16:33:30.063Z] GET https://blockrun.ai/_next/static/chunks/3df78f448119869b.js → 200 (106ms, 574B)
[2026-06-11T16:33:30.063Z] GET https://blockrun.ai/_next/static/chunks/0b7fb69c3a109f33.js → 200 (107ms, 7808B)
[2026-06-11T16:33:30.063Z] GET https://blockrun.ai/_next/static/chunks/47caaead7ce22380.js → 200 (153ms, 7277B)
[2026-06-11T16:33:30.063Z] GET https://blockrun.ai/_next/static/chunks/c482e4503528490f.js → 200 (107ms, 7957B)
[2026-06-11T16:33:30.063Z] GET https://blockrun.ai/_next/static/chunks/1271aaa79193d1f4.js → 200 (107ms, 18262B)
[2026-06-11T16:33:30.064Z] GET https://blockrun.ai/_next/static/chunks/dd967be207f83b3c.js → 200 (106ms, 23029B)
[2026-06-11T16:33:30.064Z] GET https://blockrun.ai/_next/static/chunks/1306034a01a483a8.js → 200 (106ms, 15425B)
[2026-06-11T16:33:30.064Z] GET https://www.googletagmanager.com/gtag/js?id=G-CDWTPW4YRM → 200 (550ms, 164137B)
[2026-06-11T16:33:30.064Z] GET https://static.cloudflareinsights.com/beacon.min.js/v833ccba57c9e4d2798f2e76cebdd09a11778172276447 → 200 (99ms, 11672B)
[2026-06-11T16:33:30.167Z] GET https://blockrun.ai/cdn-cgi/challenge-platform/scripts/jsd/main.js → 302 (33ms, ?B)
[2026-06-11T16:33:30.172Z] GET https://blockrun.ai/brand/circle.svg → 200 (434ms, 2674B)
[2026-06-11T16:33:30.172Z] GET https://blockrun.ai/brand/base.svg → 200 (434ms, 752B)
[2026-06-11T16:33:30.172Z] GET https://blockrun.ai/brand/solana.svg → 200 (434ms, 1130B)
[2026-06-11T16:33:30.200Z] GET https://blockrun.ai/cdn-cgi/challenge-platform/h/g/scripts/jsd/8fc8ed1d8752/main.js? → 200 (34ms, 11241B)
[2026-06-11T16:33:30.216Z] GET https://blockrun.ai/_next/static/chunks/8f38a2f67ae4cd30.js → 200 (401ms, 5271B)
[2026-06-11T16:33:30.216Z] GET https://blockrun.ai/_next/static/chunks/c3c70db18db5dc16.js → 200 (401ms, 13492B)
[2026-06-11T16:33:30.216Z] GET https://blockrun.ai/_next/static/chunks/e1c5921c378e775e.js → 200 (402ms, 56756B)
[2026-06-11T16:33:30.216Z] GET https://blockrun.ai/_next/static/chunks/c8e8f769d03d6b5c.js → 200 (404ms, 82460B)
[2026-06-11T16:33:30.605Z] POST https://blockrun.ai/cdn-cgi/challenge-platform/h/g/jsd/oneshot/8fc8ed1d8752/0.06820105295367729:1781193924:gK1Ao3x27RjKm3K91z7bcs9HKAYZQSYTzRTjf-YDk1M/a0a204993bdedc28 → 200 (64ms, 1609B)
[2026-06-11T16:33:30.621Z] GET https://blockrun.ai/docs/api-reference/video-generation?_rsc=uw8l0 → pending (?ms, ?B)
[2026-06-11T16:33:30.621Z] GET https://blockrun.ai/docs/api-reference/image-generation?_rsc=uw8l0 → pending (?ms, ?B)
[2026-06-11T16:33:30.621Z] GET https://blockrun.ai/studio/realface?_rsc=uw8l0 → pending (?ms, ?B)
[2026-06-11T16:33:30.621Z] GET https://blockrun.ai/studio/portrait?_rsc=uw8l0 → pending (?ms, ?B)
[2026-06-11T16:33:30.668Z] POST https://www.google-analytics.com/g/collect?v=2&tid=G-CDWTPW4YRM&gtm=45je6691v9238413839za200zd9238413839&_p=1781195610234&gcd=13l3l3l3l1l1&npa=0&dma=0&are=1&cid=2089179905.1781195611&frm=0&pscdl=noapi&rcb=16&sr=1280x720&uaa=arm&uab=64&uafvl=Not%253AA-Brand%3B99.0.0.0%7CHeadlessChrome%3B145.0.7632.6%7CChromium%3B145.0.7632.6&uam=&uamb=0&uap=macOS&uapv=26.5.1&uaw=0&ul=en-us&_s=1&tag_exp=0~115616986~115938466~115938468&sid=1781195610&sct=1&seg=0&dl=https%3A%2F%2Fblockrun.ai%2Fmodels&dt=AI%20Models%20%E2%80%94%20BlockRun&en=page_view&_fv=1&_nsi=1&_ss=1&_ee=1&tfd=893 → pending (?ms, ?B)
[2026-06-11T16:33:30.676Z] POST https://blockrun.ai/cdn-cgi/rum? → 204 (21ms, 462B)
[2026-06-11T16:33:30.696Z] GET https://blockrun.ai/_next/static/chunks/b6efe167270c4149.js → pending (?ms, ?B)
[2026-06-11T16:33:30.696Z] GET https://blockrun.ai/_next/static/chunks/68312841a96eb95a.js → pending (?ms, ?B)
[2026-06-11T16:33:30.696Z] GET https://blockrun.ai/_next/static/chunks/4d8bebd6eba517b0.js → pending (?ms, ?B)
[2026-06-11T16:33:30.696Z] GET https://blockrun.ai/_next/static/chunks/88fc6f3672db8d5a.js → pending (?ms, ?B)
[2026-06-11T16:33:30.696Z] GET https://blockrun.ai/_next/static/chunks/8ac8d2ddfe2ab70b.js → pending (?ms, ?B)
[2026-06-11T16:33:30.767Z] GET https://api.web3modal.org/appkit/v1/config?projectId=1cb842ea9f8a1fe4c3652bd97eb576d8&st=appkit&sv=html-core-1.8.11 → 200 (324ms, 363B)
[2026-06-11T16:33:30.894Z] GET https://blockrun.ai/_next/static/chunks/2c40fb807f43190b.css → 200 (43ms, 968B)
[2026-06-11T16:33:30.924Z] GET https://blockrun.ai/get-started?_rsc=uw8l0 → 200 (333ms, 972B)
[2026-06-11T16:33:30.945Z] GET https://blockrun.ai/docs?_rsc=uw8l0 → 200 (372ms, 991B)
[2026-06-11T16:33:30.955Z] GET https://blockrun.ai/signal?_rsc=uw8l0 → 200 (346ms, 964B)
[2026-06-11T16:33:30.958Z] GET https://blockrun.ai/?_rsc=uw8l0 → 200 (360ms, 1013B)
[2026-06-11T16:33:31.092Z] GET https://api.web3modal.org/appkit/v1/project-limits?projectId=1cb842ea9f8a1fe4c3652bd97eb576d8&st=appkit&sv=html-core-1.8.11 → 200 (522ms, 142B)
[2026-06-11T16:33:31.269Z] GET https://blockrun.ai/docs/api-reference/video-generation?_rsc=o8hu2 → 200 (106ms, 1766B)
[2026-06-11T16:33:31.269Z] GET https://blockrun.ai/docs/api-reference/video-generation?_rsc=1p5tv → 200 (88ms, 2047B)
[2026-06-11T16:33:31.318Z] GET https://blockrun.ai/brand/rpc.svg → 200 (111ms, 761B)
[2026-06-11T16:33:31.318Z] GET https://blockrun.ai/brand/exa.svg → 200 (111ms, 1346B)
[2026-06-11T16:33:31.318Z] GET https://blockrun.ai/brand/predexon.svg → 200 (162ms, 726B)
[2026-06-11T16:33:31.318Z] GET https://blockrun.ai/brand/modal.svg → 200 (145ms, 726B)
[2026-06-11T16:33:31.318Z] GET https://blockrun.ai/brand/0x.svg → 200 (102ms, 748B)
[2026-06-11T16:33:31.318Z] GET https://blockrun.ai/brand/twilio.svg → 200 (102ms, 731B)
[2026-06-11T16:33:31.318Z] GET https://blockrun.ai/brand/surf.svg → 200 (162ms, 750B)
[2026-06-11T16:33:31.318Z] GET https://blockrun.ai/brand/elevenlabs.svg → 200 (162ms, 725B)
[2026-06-11T16:33:31.352Z] GET https://blockrun.ai/docs/api-reference/video-generation?_rsc=oopsd → 200 (77ms, 827B)
[2026-06-11T16:33:31.352Z] GET https://blockrun.ai/docs/api-reference/video-generation?_rsc=181b5 → 200 (86ms, 828B)
[2026-06-11T16:33:31.364Z] GET https://blockrun.ai/docs/api-reference/video-generation?_rsc=cwjqn → 200 (89ms, 39936B)
[2026-06-11T16:33:31.375Z] GET https://blockrun.ai/docs/api-reference/image-generation?_rsc=o8hu2 → 200 (82ms, 1759B)
[2026-06-11T16:33:31.430Z] GET https://blockrun.ai/docs/api-reference/image-generation?_rsc=181b5 → 200 (81ms, 832B)
[2026-06-11T16:33:31.448Z] GET https://blockrun.ai/docs/api-reference/image-generation?_rsc=cwjqn → 200 (166ms, 27467B)
[2026-06-11T16:33:31.453Z] GET https://blockrun.ai/_next/static/chunks/59b6e08bb6a03fc9.js → pending (?ms, ?B)
[2026-06-11T16:33:31.453Z] GET https://blockrun.ai/_next/static/chunks/73b3dac3d655d71c.js → 200 (49ms, 15127B)
[2026-06-11T16:33:31.463Z] GET https://blockrun.ai/studio/realface?_rsc=o8hu2 → 200 (151ms, 1612B)
[2026-06-11T16:33:31.470Z] GET https://blockrun.ai/studio/realface?_rsc=1d0g3 → 200 (148ms, 834B)
[2026-06-11T16:33:31.512Z] GET https://blockrun.ai/studio/realface?_rsc=4fb95 → pending (?ms, ?B)
[2026-06-11T16:33:31.616Z] GET https://blockrun.ai/studio/realface?_rsc=8524z → 200 (71ms, 1029B)
[2026-06-11T16:33:31.618Z] GET https://blockrun.ai/studio/portrait?_rsc=o8hu2 → 200 (77ms, 1560B)
[2026-06-11T16:33:31.618Z] GET https://blockrun.ai/studio/portrait?_rsc=15y8y → 200 (77ms, 1873B)
[2026-06-11T16:33:31.688Z] GET https://blockrun.ai/_next/static/chunks/3bbd8dc26aa27837.js → pending (?ms, ?B)
[2026-06-11T16:33:31.688Z] GET https://blockrun.ai/_next/static/chunks/62f1640b2a14af77.js → pending (?ms, ?B)
[2026-06-11T16:33:31.692Z] GET https://blockrun.ai/studio/portrait?_rsc=1v302 → pending (?ms, ?B)
[2026-06-11T16:33:31.696Z] GET https://blockrun.ai/get-started?_rsc=o8hu2 → pending (?ms, ?B)
[2026-06-11T16:33:31.696Z] GET https://blockrun.ai/get-started?_rsc=1yh51 → pending (?ms, ?B)
[2026-06-11T16:33:31.772Z] GET https://blockrun.ai/get-started?_rsc=zfim0 → 200 (82ms, 5741B)
[2026-06-11T16:33:31.773Z] GET https://blockrun.ai/docs?_rsc=o8hu2 → 200 (81ms, 1738B)
[2026-06-11T16:33:31.855Z] GET https://blockrun.ai/docs?_rsc=181b5 → 200 (120ms, 829B)
[2026-06-11T16:33:31.855Z] GET https://blockrun.ai/_next/static/chunks/cd80a98b7e452688.js → 200 (41ms, 767B)
[2026-06-11T16:33:31.855Z] GET https://blockrun.ai/_next/static/chunks/cf378ea5f9aa9961.js → 200 (40ms, 15557B)
[2026-06-11T16:33:31.855Z] GET https://blockrun.ai/docs?_rsc=cwjqn → 200 (87ms, 8530B)
[2026-06-11T16:33:31.942Z] GET https://blockrun.ai/signal?_rsc=o8hu2 → 200 (76ms, 1496B)
[2026-06-11T16:33:31.976Z] GET https://blockrun.ai/signal?_rsc=vdk20 → 200 (163ms, 836B)
[2026-06-11T16:33:32.019Z] GET https://blockrun.ai/signal?_rsc=1ceat → 200 (152ms, 6756B)
[2026-06-11T16:33:32.139Z] GET https://blockrun.ai/?_rsc=o8hu2 → pending (?ms, ?B)
[2026-06-11T16:33:32.283Z] GET https://blockrun.ai/?_rsc=ojwg1 → pending (?ms, ?B)
[2026-06-11T16:33:32.772Z] GET https://blockrun.ai/_next/static/chunks/2e3282995cfa6361.js → 200 (52ms, 1279B)
[2026-06-11T16:33:32.772Z] GET https://blockrun.ai/_next/static/chunks/3b11331f6d13e7b7.js → 200 (52ms, 15280B)
[2026-06-11T16:33:33.555Z] GET https://blockrun.ai/_next/static/chunks/df07187f3f208982.js → 200 (36ms, 12263B)
[2026-06-11T16:33:40.771Z] POST https://pulse.walletconnect.org/batch?projectId=1cb842ea9f8a1fe4c3652bd97eb576d8&st=appkit&sv=html-core-1.8.11 → 202 (615ms, 122B)
